src/components/blocks/AdminEmployeeDirectory.tsx(64,7): error TS6133: 'EMPTY_CREATE' is declared but its value is never read.
src/components/blocks/AdminEmployeeDirectory.tsx(413,3): error TS6133: 'onNavigateToEdit' is declared but its value is never read.
src/pages/AdminDashboardPage.tsx(57,9): error TS6133: 'navItems' is declared but its value is never read.
src/pages/TourDetailsPage.tsx(4,1): error TS6192: All imports in import declaration are unused.
